---
source: src/calc/mod.rs
description: "* 2"
expression: prettied
---
* 2
â†³ unexpected token Times at position 0
