---
source: src/calc/mod.rs
description: / 2
expression: prettied
---
/ 2
â†³ unexpected token Over at position 0
